106 files in the library
101 usable, 62 with a BPM tag
01 Arcade Fire - Empty Room 161.0
02 Hunter Hunted - Ghost 140.0
03 Amr Diab - El Alem Allah 108.0
04 Shyloom/FJØRA - Fight Forever None
05 Stream Helper - Halo - Overture [Remix] | Super Smash Bros. Ultimate (Fan Made) None
06 Stream Helper - Super Smash Bros. Ultimate - Lifelight [Eurobeat Remix] None
07 Arcade Fire - Infinite Content 172.0
08 Arcade Fire/David Byrne - Speaking in Tongues (feat. David Byrne) 146.0
09 Alexandra Stan - Mr. Saxobeat (Radio Edit) None
10 flipturn - Churches None
11 FUCK ART, LET'S DANCE! - Vicious Circle None
12 Megumi Hayashibara - Soul salvation None
13 Arcade Fire - The Suburbs (continued) 117.0
14 美波 - Kawakiwoameku None
15 Romix - Sugar Song and Bitter Step None
16 dodie - Guiltless 145.0
17 Отпетые Мошенники - Девушки (Девушки бывают разные) None
18 Arcade Fire/Peter Gabriel - Unconditional II (Race and Religion) (feat. Peter Gabriel) None
19 ClariS - Connect None
20 Rivers Cuomo - Medicine for Melancholy None
21 Stream Helper - Exploration (Combat Theme 2) - Xenoblade Chronicles 2 OST [079] None
22 Stream Helper - Animal Crossing - Go K.K. Rider! [Remix] None
23 inabakumori - Lost Umbrella - STUDY WITH MIKU ver. - None
24 Stream Helper - Field of Hopes and Dreams - Remix Cover (Deltarune) None
25 Альянс - На Заре None
26 ClariS - Hitorigoto None
27 FUCK ART, LET'S DANCE! - Hemisphere None
28 Arcade Fire - Peter Pan 149.0
29 Stream Helper - Final Fantasy VII BOSS THEME / STILL MORE FIGHTING - Metal Cover || ToxicxEternity None
30 Jordan Clarke - Freaks None
